[    0.000000] Linux version 4.15.0-66-generic (buildd@lgw01-amd64-044) (gcc version 7.4.0 (Ubuntu 7.4.0-1ubuntu1~18.04.1)) #75-Ubuntu SMP Tue Oct 1 05:24:09 UTC 2019 (Ubuntu 4.15.0-66.75-generic 4.15.18)
[    0.000000] Command line: BOOT_IMAGE=/boot/vmlinuz-4.15.0-66-generic root=LABEL=cloudimg-rootfs ro console=tty1 console=ttyS0
[    0.000000] KERNEL supported cpus:
[    0.000000]   Intel GenuineIntel
[    0.000000]   AMD AuthenticAMD
[    0.000000]   Centaur CentaurHauls
[    0.000000] x86/fpu: Supporting XSAVE feature 0x001: 'x87 floating point registers'
[    0.000000] x86/fpu: Supporting XSAVE feature 0x002: 'SSE registers'
[    0.000000] x86/fpu: Supporting XSAVE feature 0x004: 'AVX registers'
[    0.000000] x86/fpu: xstate_offset[2]:  576, xstate_sizes[2]:  256
[    0.000000] x86/fpu: Enabled xstate features 0x7, context size is 832 bytes, using 'standard' format.
[    0.000000] e820: BIOS-provided physical RAM map:
[    0.000000] BIOS-e820: [mem 0x0000000000000000-0x000000000009fbff] usable
[    0.000000] BIOS-e820: [mem 0x000000000009fc00-0x000000000009ffff] reserved
[    0.000000] BIOS-e820: [mem 0x00000000000f0000-0x00000000000fffff] reserved
[    0.000000] BIOS-e820: [mem 0x0000000000100000-0x000000003ffeffff] usable
[    0.000000] BIOS-e820: [mem 0x000000003fff0000-0x000000003fffffff] ACPI data
[    0.000000] BIOS-e820: [mem 0x00000000fec00000-0x00000000fec00fff] reserved
[    0.000000] BIOS-e820: [mem 0x00000000fee00000-0x00000000fee00fff] reserved
[    0.000000] BIOS-e820: [mem 0x00000000fffc0000-0x00000000ffffffff] reserved
[    0.000000] NX (Execute Disable) protection: active
[    0.000000] SMBIOS 2.5 present.
[    0.000000] DMI: innotek GmbH VirtualBox/VirtualBox, BIOS VirtualBox 12/01/2006
[    0.000000] Hypervisor detected: KVM
[    0.000000] e820: last_pfn = 0x3fff0 max_arch_pfn = 0x400000000
[    0.000000] MTRR: Disabled
[    0.000000] x86/PAT: MTRRs disabled, skipping PAT initialization too.
[    0.000000] CPU MTRRs all blank - virtualized system.
[    0.000000] x86/PAT: Configuration [0-7]: WB  WT  UC- UC  WB  WT  UC- UC  
[    0.000000] found SMP MP-table at [mem 0x0009fff0-0x0009ffff]
[    0.000000] Scanning 1 areas for low memory corruption
[    0.000000] RAMDISK: [mem 0x35a8b000-0x36d3cfff]
[    0.000000] ACPI: Early table checksum verification disabled
[    0.000000] ACPI: RSDP 0x00000000000E0000 000024 (v02 VBOX  )
[    0.000000] ACPI: XSDT 0x000000003FFF0030 00003C (v01 VBOX   VBOXXSDT 00000001 ASL  00000061)
[    0.000000] ACPI: FACP 0x000000003FFF00F0 0000F4 (v04 VBOX   VBOXFACP 00000001 ASL  00000061)
[    0.000000] ACPI: DSDT 0x000000003FFF0470 0022EA (v02 VBOX   VBOXBIOS 00000002 INTL 20100528)
[    0.000000] ACPI: FACS 0x000000003FFF0200 000040
[    0.000000] ACPI: FACS 0x000000003FFF0200 000040
[    0.000000] ACPI: APIC 0x000000003FFF0240 00005C (v02 VBOX   VBOXAPIC 00000001 ASL  00000061)
[    0.000000] ACPI: SSDT 0x000000003FFF02A0 0001CC (v01 VBOX   VBOXCPUT 00000002 INTL 20100528)
[    0.000000] No NUMA configuration found
[    0.000000] Faking a node at [mem 0x0000000000000000-0x000000003ffeffff]
[    0.000000] NODE_DATA(0) allocated [mem 0x3ffc5000-0x3ffeffff]
[    0.000000] kvm-clock: cpu 0, msr 0:3ff44001, primary cpu clock
[    0.000000] kvm-clock: Using msrs 4b564d01 and 4b564d00
[    0.000000] kvm-clock: using sched offset of 5697384416 cycles
[    0.000000] clocksource: kvm-clock: mask: 0xffffffffffffffff max_cycles: 0x1cd42e4dffb, max_idle_ns: 881590591483 ns
[    0.000000] Zone ranges:
[    0.000000]   DMA      [mem 0x0000000000001000-0x0000000000ffffff]
[    0.000000]   DMA32    [mem 0x0000000001000000-0x000000003ffeffff]
[    0.000000]   Normal   empty
[    0.000000]   Device   empty
[    0.000000] Movable zone start for each node
[    0.000000] Early memory node ranges
[    0.000000]   node   0: [mem 0x0000000000001000-0x000000000009efff]
[    0.000000]   node   0: [mem 0x0000000000100000-0x000000003ffeffff]
[    0.000000] Reserved but unavailable: 98 pages
[    0.000000] Initmem setup node 0 [mem 0x0000000000001000-0x000000003ffeffff]
[    0.000000] ACPI: PM-Timer IO Port: 0x4008
[    0.000000] IOAPIC[0]: apic_id 2, version 32, address 0xfec00000, GSI 0-23
[    0.000000] ACPI: INT_SRC_OVR (bus 0 bus_irq 0 global_irq 2 dfl dfl)
[    0.000000] ACPI: INT_SRC_OVR (bus 0 bus_irq 9 global_irq 9 low level)
[    0.000000] Using ACPI (MADT) for SMP configuration information
[    0.000000] smpboot: Allowing 2 CPUs, 0 hotplug CPUs
[    0.000000] PM: Registered nosave memory: [mem 0x00000000-0x00000fff]
[    0.000000] PM: Registered nosave memory: [mem 0x0009f000-0x0009ffff]
[    0.000000] PM: Registered nosave memory: [mem 0x000a0000-0x000effff]
[    0.000000] PM: Registered nosave memory: [mem 0x000f0000-0x000fffff]
[    0.000000] e820: [mem 0x40000000-0xfebfffff] available for PCI devices
[    0.000000] Booting paravirtualized kernel on KVM
[    0.000000] clocksource: refined-jiffies: mask: 0xffffffff max_cycles: 0xffffffff, max_idle_ns: 7645519600211568 ns
[    0.000000] random: get_random_bytes called from start_kernel+0x99/0x4fd with crng_init=0
[    0.000000] setup_percpu: NR_CPUS:8192 nr_cpumask_bits:2 nr_cpu_ids:2 nr_node_ids:1
[    0.000000] percpu: Embedded 46 pages/cpu s151552 r8192 d28672 u1048576
[    0.000000] PV qspinlock hash table entries: 256 (order: 0, 4096 bytes)
[    0.000000] Built 1 zonelists, mobility grouping on.  Total pages: 257913
[    0.000000] Policy zone: DMA32
[    0.000000] Kernel command line: BOOT_IMAGE=/boot/vmlinuz-4.15.0-66-generic root=LABEL=cloudimg-rootfs ro console=tty1 console=ttyS0
[    0.000000] Memory: 983436K/1048120K available (12300K kernel code, 2481K rwdata, 4260K rodata, 2436K init, 2388K bss, 64684K reserved, 0K cma-reserved)
[    0.000000] SLUB: HWalign=64, Order=0-3, MinObjects=0, CPUs=2, Nodes=1
[    0.000000] Kernel/User page tables isolation: enabled
[    0.000000] ftrace: allocating 39306 entries in 154 pages
[    0.004000] Hierarchical RCU implementation.
[    0.004000] 	RCU restricting CPUs from NR_CPUS=8192 to nr_cpu_ids=2.
[    0.004000] 	Tasks RCU enabled.
[    0.004000] RCU: Adjusting geometry for rcu_fanout_leaf=16, nr_cpu_ids=2
[    0.004000] NR_IRQS: 524544, nr_irqs: 440, preallocated irqs: 16
[    0.004000] Console: colour VGA+ 80x25
[    0.004000] console [tty1] enabled
[    0.004000] console [ttyS0] enabled
[    0.004000] ACPI: Core revision 20170831
[    0.004000] ACPI: 2 ACPI AML tables successfully acquired and loaded
[    0.004000] APIC: Switch to symmetric I/O mode setup
[    0.004000] x2apic enabled
[    0.004000] Switched APIC routing to physical x2apic.
[    0.004000] ..TIMER: vector=0x30 apic1=0 pin1=2 apic2=-1 pin2=-1
[    0.004004] tsc: Detected 2303.998 MHz processor
[    0.005152] Calibrating delay loop (skipped) preset value.. 4607.99 BogoMIPS (lpj=9215992)
[    0.008004] pid_max: default: 32768 minimum: 301
[    0.009192] Security Framework initialized
[    0.010228] Yama: becoming mindful.
[    0.011181] AppArmor: AppArmor initialized
[    0.013807] Dentry cache hash table entries: 131072 (order: 8, 1048576 bytes)
[    0.016060] Inode-cache hash table entries: 65536 (order: 7, 524288 bytes)
[    0.017351] Mount-cache hash table entries: 2048 (order: 2, 16384 bytes)
[    0.018580] Mountpoint-cache hash table entries: 2048 (order: 2, 16384 bytes)
[    0.020218] Last level iTLB entries: 4KB 64, 2MB 8, 4MB 8
[    0.021242] Last level dTLB entries: 4KB 64, 2MB 0, 4MB 0, 1GB 4
[    0.022360] Spectre V1 : Mitigation: usercopy/swapgs barriers and __user pointer sanitization
[    0.024002] Spectre V2 : Mitigation: Full generic retpoline
[    0.025084] Spectre V2 : Spectre v2 / SpectreRSB mitigation: Filling RSB on context switch
[    0.026639] Speculative Store Bypass: Vulnerable
[    0.027555] MDS: Vulnerable: Clear CPU buffers attempted, no microcode
[    0.028148] Freeing SMP alternatives memory: 36K
[    0.141414] smpboot: CPU0: Intel(R) Core(TM) i5-7360U CPU @ 2.30GHz (family: 0x6, model: 0x8e, stepping: 0x9)
[    0.144000] Performance Events: unsupported p6 CPU model 142 no PMU driver, software events only.
[    0.144031] Hierarchical SRCU implementation.
[    0.145393] NMI watchdog: Perf event create on CPU 0 failed with -2
[    0.146558] NMI watchdog: Perf NMI watchdog permanently disabled
[    0.148038] smp: Bringing up secondary CPUs ...
[    0.148971] x86: Booting SMP configuration:
[    0.149780] .... node  #0, CPUs:      #1
[    0.004000] kvm-clock: cpu 1, msr 0:3ff44041, secondary cpu clock
[    0.154706] smp: Brought up 1 node, 2 CPUs
[    0.154706] smpboot: Max logical packages: 1
[    0.156004] smpboot: Total of 2 processors activated (9215.99 BogoMIPS)
[    0.157486] devtmpfs: initialized
[    0.157486] x86/mm: Memory block size: 128MB
[    0.160117] evm: security.selinux
[    0.160784] evm: security.SMACK64
[    0.161434] evm: security.SMACK64EXEC
[    0.162163] evm: security.SMACK64TRANSMUTE
[    0.162948] evm: security.SMACK64MMAP
[    0.164002] evm: security.apparmor
[    0.164672] evm: security.ima
[    0.165264] evm: security.capability
[    0.165989] clocksource: jiffies: mask: 0xffffffff max_cycles: 0xffffffff, max_idle_ns: 7645041785100000 ns
[    0.168011] futex hash table entries: 512 (order: 3, 32768 bytes)
[    0.172030] pinctrl core: initialized pinctrl subsystem
[    0.174702] RTC time:  6:01:40, date: 11/25/19
[    0.176163] NET: Registered protocol family 16
[    0.177219] audit: initializing netlink subsys (disabled)
[    0.178260] audit: type=2000 audit(1574661706.942:1): state=initialized audit_enabled=0 res=1
[    0.180018] cpuidle: using governor ladder
[    0.181061] cpuidle: using governor menu
[    0.182007] ACPI: bus type PCI registered
[    0.182885] acpiphp: ACPI Hot Plug PCI Controller Driver version: 0.5
[    0.184096] PCI: Using configuration type 1 for base access
[    0.185172] HugeTLB registered 2.00 MiB page size, pre-allocated 0 pages
[    0.188064] ACPI: Added _OSI(Module Device)
[    0.188874] ACPI: Added _OSI(Processor Device)
[    0.189726] ACPI: Added _OSI(3.0 _SCP Extensions)
[    0.190669] ACPI: Added _OSI(Processor Aggregator Device)
[    0.192003] ACPI: Added _OSI(Linux-Dell-Video)
[    0.192879] ACPI: Added _OSI(Linux-Lenovo-NV-HDMI-Audio)
[    0.194295] ACPI: Added _OSI(Linux-HPI-Hybrid-Graphics)
[    0.196211] ACPI: Executed 1 blocks of module-level executable AML code
[    0.200000] ACPI: Interpreter enabled
[    0.200011] ACPI: (supports S0 S5)
[    0.200855] ACPI: Using IOAPIC for interrupt routing
[    0.201968] PCI: Using host bridge windows from ACPI; if necessary, use "pci=nocrs" and report a bug
[    0.204212] ACPI: Enabled 2 GPEs in block 00 to 07
[    0.215076] ACPI: PCI Root Bridge [PCI0] (domain 0000 [bus 00-ff])
[    0.216008] acpi PNP0A03:00: _OSC: OS supports [ASPM ClockPM Segments MSI]
[    0.220345] acpi PNP0A03:00: _OSC: not requesting OS control; OS requires [ExtendedConfig ASPM ClockPM MSI]
[    0.224026] acpi PNP0A03:00: fail to add MMCONFIG information, can't access extended PCI configuration space under this bridge.
[    0.229033] PCI host bridge to bus 0000:00
[    0.232004] pci_bus 0000:00: root bus resource [io  0x0000-0x0cf7 window]
[    0.234019] pci_bus 0000:00: root bus resource [io  0x0d00-0xffff window]
[    0.236003] pci_bus 0000:00: root bus resource [mem 0x000a0000-0x000bffff window]
[    0.237417] pci_bus 0000:00: root bus resource [mem 0x40000000-0xfdffffff window]
[    0.238857] pci_bus 0000:00: root bus resource [bus 00-ff]
[    0.242488] pci 0000:00:01.1: legacy IDE quirk: reg 0x10: [io  0x01f0-0x01f7]
[    0.244003] pci 0000:00:01.1: legacy IDE quirk: reg 0x14: [io  0x03f6]
[    0.245239] pci 0000:00:01.1: legacy IDE quirk: reg 0x18: [io  0x0170-0x0177]
[    0.248020] pci 0000:00:01.1: legacy IDE quirk: reg 0x1c: [io  0x0376]
[    0.264194] pci 0000:00:07.0: quirk: [io  0x4000-0x403f] claimed by PIIX4 ACPI
[    0.265834] pci 0000:00:07.0: quirk: [io  0x4100-0x410f] claimed by PIIX4 SMB
[    0.278527] ACPI: PCI Interrupt Link [LNKA] (IRQs 5 9 10 *11)
[    0.280267] ACPI: PCI Interrupt Link [LNKB] (IRQs 5 9 *10 11)
[    0.281578] ACPI: PCI Interrupt Link [LNKC] (IRQs 5 *9 10 11)
[    0.282788] ACPI: PCI Interrupt Link [LNKD] (IRQs 5 9 10 *11)
[    0.284338] SCSI subsystem initialized
[    0.285314] pci 0000:00:02.0: vgaarb: setting as boot VGA device
[    0.285314] pci 0000:00:02.0: vgaarb: VGA device added: decodes=io+mem,owns=io+mem,locks=none
[    0.288009] pci 0000:00:02.0: vgaarb: bridge control possible
[    0.289079] vgaarb: loaded
[    0.289651] ACPI: bus type USB registered
[    0.290438] usbcore: registered new interface driver usbfs
[    0.292016] usbcore: registered new interface driver hub
[    0.293022] usbcore: registered new device driver usb
[    0.294448] EDAC MC: Ver: 3.0.0
[    0.296158] PCI: Using ACPI for IRQ routing
[    0.297203] NetLabel: Initializing
[    0.297886] NetLabel:  domain hash size = 128
[    0.298786] NetLabel:  protocols = UNLABELED CIPSOv4 CALIPSO
[    0.300019] NetLabel:  unlabeled traffic allowed by default
[    0.301077] clocksource: Switched to clocksource kvm-clock
[    0.315260] VFS: Disk quotas dquot_6.6.0
[    0.316443] VFS: Dquot-cache hash table entries: 512 (order 0, 4096 bytes)
[    0.317927] AppArmor: AppArmor Filesystem Enabled
[    0.318896] pnp: PnP ACPI init
[    0.320671] pnp: PnP ACPI: found 3 devices
[    0.330163] clocksource: acpi_pm: mask: 0xffffff max_cycles: 0xffffff, max_idle_ns: 2085701024 ns
[    0.332455] NET: Registered protocol family 2
[    0.333684] TCP established hash table entries: 8192 (order: 4, 65536 bytes)
[    0.335332] TCP bind hash table entries: 8192 (order: 5, 131072 bytes)
[    0.338587] TCP: Hash tables configured (established 8192 bind 8192)
[    0.339881] UDP hash table entries: 512 (order: 2, 16384 bytes)
[    0.341012] UDP-Lite hash table entries: 512 (order: 2, 16384 bytes)
[    0.342891] NET: Registered protocol family 1
[    0.343902] pci 0000:00:00.0: Limiting direct PCI/PCI transfers
[    0.345146] pci 0000:00:01.0: Activating ISA DMA hang workarounds
[    0.346644] pci 0000:00:02.0: Video device with shadowed ROM at [mem 0x000c0000-0x000dffff]
[    0.348437] Unpacking initramfs...
[    0.632876] Freeing initrd memory: 19144K
[    0.634062] clocksource: tsc: mask: 0xffffffffffffffff max_cycles: 0x2135f5e6f15, max_idle_ns: 440795231538 ns
[    0.636924] platform rtc_cmos: registered platform RTC device (no PNP device found)
[    0.638376] Scanning for low memory corruption every 60 seconds
[    0.639985] Initialise system trusted keyrings
[    0.640929] Key type blacklist registered
[    0.641851] workingset: timestamp_bits=36 max_order=18 bucket_order=0
[    0.644380] zbud: loaded
[    0.645509] squashfs: version 4.0 (2009/01/31) Phillip Lougher
[    0.647224] fuse init (API version 7.26)
[    0.650054] Key type asymmetric registered
[    0.650849] Asymmetric key parser 'x509' registered
[    0.651809] Block layer SCSI generic (bsg) driver version 0.4 loaded (major 246)
[    0.653452] io scheduler noop registered
[    0.654543] io scheduler deadline registered
[    0.655608] io scheduler cfq registered (default)
[    0.657173] ACPI: AC Adapter [AC] (on-line)
[    0.658028] input: Power Button as /devices/LNXSYSTM:00/LNXPWRBN:00/input/input0
[    0.659487] ACPI: Power Button [PWRF]
[    0.660334] input: Sleep Button as /devices/LNXSYSTM:00/LNXSLPBN:00/input/input1
[    0.661849] ACPI: Sleep Button [SLPF]
[    0.664185] ACPI: Battery Slot [BAT0] (battery present)
[    0.664200] Serial: 8250/16550 driver, 32 ports, IRQ sharing enabled
 !"#$%&'()*+,-./0123456789:;<=>?@ABCDEFGHIJKLMNOPQRSTUVWXYZ[\]^_`abcdefghijklmnopqrstuvwxyz{|}~€‚ƒ„…†‡ˆ‰Š‹ŒŽ‘’“”•–—˜™š›œžŸ ¡¢£¤¥¦§¨©ª«¬­®¯°±²³´µ¶·¸¹º»¼½¾¿ÀÁÂÃÄÅÆÇÈÉÊËÌÍÎÏÐÑÒÓÔÕÖ×ØÙÚÛÜÝÞßàáâãäåæçèéêëìíîïðñòóôõö÷øùúûüýþÿ[    0.689944] 00:02: ttyS0 at I/O 0x3f8 (irq = 4, base_baud = 115200) is a 16550A
[    0.692953] Linux agpgart interface v0.103
[    0.694662] loop: module loaded
[    0.696116] scsi host0: ata_piix
[    0.697171] scsi host1: ata_piix
[    0.698157] ata1: PATA max UDMA/33 cmd 0x1f0 ctl 0x3f6 bmdma 0xd000 irq 14
[    0.699417] ata2: PATA max UDMA/33 cmd 0x170 ctl 0x376 bmdma 0xd008 irq 15
[    0.700914] libphy: Fixed MDIO Bus: probed
[    0.701854] tun: Universal TUN/TAP device driver, 1.6
[    0.703022] PPP generic driver version 2.4.2
[    0.704052] ehci_hcd: USB 2.0 'Enhanced' Host Controller (EHCI) Driver
[    0.705682] ehci-pci: EHCI PCI platform driver
[    0.706550] ehci-platform: EHCI generic platform driver
[    0.708023] ohci_hcd: USB 1.1 'Open' Host Controller (OHCI) Driver
[    0.710918] ohci-pci: OHCI PCI platform driver
[    0.712006] ohci-platform: OHCI generic platform driver
[    0.714277] uhci_hcd: USB Universal Host Controller Interface driver
[    0.716366] i8042: PNP: PS/2 Controller [PNP0303:PS2K,PNP0f03:PS2M] at 0x60,0x64 irq 1,12
[    0.718610] serio: i8042 KBD port at 0x60,0x64 irq 1
[    0.720144] serio: i8042 AUX port at 0x60,0x64 irq 12
[    0.723655] mousedev: PS/2 mouse device common for all mice
[    0.727709] input: AT Translated Set 2 keyboard as /devices/platform/i8042/serio0/input/input2
[    0.731075] rtc_cmos rtc_cmos: rtc core: registered rtc_cmos as rtc0
[    0.732801] rtc_cmos rtc_cmos: alarms up to one day, 114 bytes nvram
[    0.733984] i2c /dev entries driver
[    0.734717] device-mapper: uevent: version 1.0.3
[    0.735699] device-mapper: ioctl: 4.37.0-ioctl (2017-09-20) initialised: dm-devel@redhat.com
[    0.737545] ledtrig-cpu: registered to indicate activity on CPUs
[    0.739104] NET: Registered protocol family 10
[    0.743121] Segment Routing with IPv6
[    0.744153] NET: Registered protocol family 17
[    0.745441] Key type dns_resolver registered
[    0.746821] mce: Using 0 MCE banks
[    0.747732] RAS: Correctable Errors collector initialized.
[    0.749008] sched_clock: Marking stable (748986712, 0)->(901159706, -152172994)
[    0.750880] registered taskstats version 1
[    0.751710] Loading compiled-in X.509 certificates
[    0.755262] Loaded X.509 cert 'Build time autogenerated kernel key: 01a66adcc10ca4ce7676a3458c33483b0e2b806e'
[    0.757806] zswap: loaded using pool lzo/zbud
[    0.761766] Key type big_key registered
[    0.762803] Key type trusted registered
[    0.765296] Key type encrypted registered
[    0.766131] AppArmor: AppArmor sha1 policy hashing enabled
[    0.768088] ima: No TPM chip found, activating TPM-bypass! (rc=-19)
[    0.771822] ima: Allocated hash algorithm: sha1
[    0.773041] evm: HMAC attrs: 0x1
[    0.776239]   Magic number: 11:505:14
[    0.777259] rtc_cmos rtc_cmos: setting system clock to 2019-11-25 06:01:40 UTC (1574661700)
[    0.779542] BIOS EDD facility v0.16 2004-Jun-25, 0 devices found
[    0.781203] EDD information not available.
[    0.864627] Freeing unused kernel image memory: 2436K
[    0.876451] Write protecting the kernel read-only data: 20480k
[    0.879843] Freeing unused kernel image memory: 2008K
[    0.882435] Freeing unused kernel image memory: 1884K
[    0.897685] x86/mm: Checked W+X mappings: passed, no W+X pages found.
[    0.902100] x86/mm: Checking user space page tables
[    0.925941] x86/mm: Checked W+X mappings: passed, no W+X pages found.
Loading, please wait...
starting version 237
[    1.001426] Fusion MPT base driver 3.04.20
[    1.002234] Copyright (c) 1999-2008 LSI Corporation
[    1.011171] e1000: Intel(R) PRO/1000 Network Driver - version 7.3.21-k8-NAPI
[    1.013549] e1000: Copyright (c) 1999-2006 Intel Corporation.
[    1.020420] Fusion MPT SPI Host driver 3.04.20
[    1.029847] AVX2 version of gcm_enc/dec engaged.
[    1.030963] AES CTR mode by8 optimization enabled
[    1.227262] input: ImExPS/2 Generic Explorer Mouse as /devices/platform/i8042/serio1/input/input4
[    1.426397] e1000 0000:00:03.0 eth0: (PCI:33MHz:32-bit) 02:7c:06:17:a1:8b
[    1.428762] e1000 0000:00:03.0 eth0: Intel(R) PRO/1000 Network Connection
[    1.431214] mptbase: ioc0: Initiating bringup
[    1.431483] e1000 0000:00:03.0 enp0s3: renamed from eth0
[    1.652631] ioc0: LSI53C1030 A0: Capabilities={Initiator}
[    2.214143] scsi host2: ioc0: LSI53C1030 A0, FwRev=00000000h, Ports=1, MaxQ=256, IRQ=20
[    2.633475] scsi 2:0:0:0: Direct-Access     VBOX     HARDDISK         1.0  PQ: 0 ANSI: 5
[    2.664145] scsi target2:0:0: Beginning Domain Validation
[    2.668209] scsi target2:0:0: Domain Validation skipping write tests
[    2.669583] scsi target2:0:0: Ending Domain Validation
[    2.670823] scsi target2:0:0: asynchronous
[    2.672413] scsi 2:0:1:0: Direct-Access     VBOX     HARDDISK         1.0  PQ: 0 ANSI: 5
[    2.704219] scsi target2:0:1: Beginning Domain Validation
[    2.708353] random: fast init done
[    2.709446] scsi target2:0:1: Domain Validation skipping write tests
[    2.710817] scsi target2:0:1: Ending Domain Validation
[    2.712131] scsi target2:0:1: asynchronous
[    2.717631] random: systemd-udevd: uninitialized urandom read (16 bytes read)
[    2.719040] random: systemd-udevd: uninitialized urandom read (16 bytes read)
[    2.720408] random: systemd-udevd: uninitialized urandom read (16 bytes read)
[    2.721978] sd 2:0:0:0: Attached scsi generic sg0 type 0
[    2.722033] sd 2:0:0:0: [sda] 20971520 512-byte logical blocks: (10.7 GB/10.0 GiB)
[    2.725415] sd 2:0:0:0: [sda] Write Protect is off
[    2.726657] sd 2:0:1:0: Attached scsi generic sg1 type 0
[    2.726698] sd 2:0:0:0: [sda] Incomplete mode parameter data
[    2.728854] sd 2:0:0:0: [sda] Assuming drive cache: write through
[    2.730064] sd 2:0:1:0: [sdb] 20480 512-byte logical blocks: (10.5 MB/10.0 MiB)
[    2.731586] sd 2:0:1:0: [sdb] Write Protect is off
[    2.732672] sd 2:0:1:0: [sdb] Incomplete mode parameter data
[    2.734047] sd 2:0:1:0: [sdb] Assuming drive cache: write through
[    2.741960]  sda: sda1
[    2.744751] sd 2:0:0:0: [sda] Attached SCSI disk
[    2.746004] sd 2:0:1:0: [sdb] Attached SCSI disk
Begin: Loading essential drivers ... [    4.144405] raid6: sse2x1   gen() 12374 MB/s
[    4.192114] raid6: sse2x1   xor()  8137 MB/s
[    4.240040] raid6: sse2x2   gen()  6626 MB/s
[    4.288233] raid6: sse2x2   xor()  9013 MB/s
[    4.336525] raid6: sse2x4   gen() 15821 MB/s
[    4.384231] raid6: sse2x4   xor() 10445 MB/s
[    4.432027] raid6: avx2x1   gen() 24812 MB/s
[    4.480533] raid6: avx2x1   xor() 17484 MB/s
[    4.528117] raid6: avx2x2   gen() 30163 MB/s
[    4.576003] raid6: avx2x2   xor() 18792 MB/s
[    4.624242] raid6: avx2x4   gen() 33923 MB/s
[    4.672039] raid6: avx2x4   xor() 21479 MB/s
[    4.673206] raid6: using algorithm avx2x4 gen() 33923 MB/s
[    4.674240] raid6: .... xor() 21479 MB/s, rmw enabled
[    4.675196] raid6: using avx2x2 recovery algorithm
[    4.677303] xor: automatically using best checksumming function   avx       
[    4.680196] async_tx: api initialized (async)
done.
Begin: Running /scripts/init-premount ... done.
Begin: Mounting root file system ... Begin: Running /scripts/local-top ... done.
Begin: Running /scripts/local-premount ... [    4.717020] Btrfs loaded, crc32c=crc32c-intel
Scanning for Btrfs filesystems
done.
Warning: fsck not present, so skipping root file system
[    4.762515] EXT4-fs (sda1): mounted filesystem with ordered data mode. Opts: (null)
done.
Begin: Running /scripts/local-bottom ... done.
Begin: Running /scripts/init-bottom ... done.
[    4.947238] ip_tables: (C) 2000-2006 Netfilter Core Team
[    4.956801] systemd[1]: systemd 237 running in system mode. (+PAM +AUDIT +SELINUX +IMA +APPARMOR +SMACK +SYSVINIT +UTMP +LIBCRYPTSETUP +GCRYPT +GNUTLS +ACL +XZ +LZ4 +SECCOMP +BLKID +ELFUTILS +KMOD -IDN2 +IDN -PCRE2 default-hierarchy=hybrid)
[    4.960818] systemd[1]: Detected virtualization oracle.
[    4.961821] systemd[1]: Detected architecture x86-64.

Welcome to [1mUbuntu 18.04.3 LTS[0m!

[    4.968971] systemd[1]: Set hostname to <ubuntu>.
[    4.973541] systemd[1]: Initializing machine ID from random generator.
[    4.974790] systemd[1]: Installed transient /etc/machine-id file.
[    5.232367] systemd[1]: Started Forward Password Requests to Wall Directory Watch.
[[0;32m  OK  [0m] Started Forward Password Requests to Wall Directory Watch.
[    5.236842] systemd[1]: Created slice User and Session Slice.
[[0;32m  OK  [0m] Created slice User and Session Slice.
[    5.238854] systemd[1]: Reached target Swap.
[[0;32m  OK  [0m] Reached target Swap.
[    5.240602] systemd[1]: Created slice System Slice.
[[0;32m  OK  [0m] Created slice System Slice.
[[0;32m  OK  [0m] Listening on Journal Socket.
         Mounting POSIX Message Queue File System...
         Starting Set the console keyboard layout...
[[0;32m  OK  [0m] Listening on LVM2 poll daemon socket.
         Starting Remount Root and Kernel File Systems...
[[0;32m  OK  [0m] Created slice system-serial\x2dgetty.slice.
         Starting Uncomplicated firewall...
[[0;32m  OK  [0m] Listening on /dev/initctl Compatibility Named Pipe.
[[0;32m  OK  [0m] Set up automount Arbitrary Executabâ€¦rmats File System Automount Point.
[[0;32m  OK  [0m] Reached target User and Group Name Lookups.
[[0;32m  OK  [0m] Listening on udev Control Socket.
         Mounting Huge Pages File System...
[[0;32m  OK  [0m] Reached target System Time Synchronized.
[[0;32m  OK  [0m] Reached target Slices.
         Mounting Kernel Debug File System...
[[0;32m  OK  [0m] Listening on udev Kernel Socket.[    5.285315] EXT4-fs (sda1): re-mounted. Opts: (null)

         Starting udev Coldplug all Devices...
         Starting Create list of required stâ€¦ce nodes for the current kernel...
[[0;32m  OK  [0m] Listening on Journal Socket (/dev/log).
[[0;32m  OK  [0m] Listening on LVM2 metadata daemon socket.
[[0;32m  OK  [0m] Listening on Network Service Netlink Socket.
[[0;32m  OK  [0m] Listening on Device-mapper event daemon FIFOs.
         Starting Monitoring of LVM2 mirrorsâ€¦ng dmeventd or progress polling...
[[0;32m  OK  [0m] Listening on Journal Audit Socket.
         Starting Load Kernel Modules...
[[0;32m  OK  [0m] Listening on Syslog Socket.
         Starting Journal Service...
[[0;32m  OK  [0m] Mounted POSIX Message Queue File System.
[[0;32m  OK  [0m] Started Remount Root and Kernel File Systems.
[[0;32m  OK  [0m] Started Uncomplicated firewall.
[[0;32m  OK  [0m] Mounted Huge Pages File System.
[[0;32m  OK  [0m] Mounted Kernel Debug File System.
[[0;32m  OK  [0m] Started Create list of required staâ€¦vice nodes for the current kernel.
[[0;32m  OK  [0m] Started LVM2 metadata daemon.
         Starting Create Static Device Nodes in /dev...
         Starting Load/Save Random Seed...
[    5.412172] Loading iSCSI transport class v2.0-870.
[    5.420934] iscsi: registered transport (tcp)
[[0;32m  OK  [0m] Started udev Coldplug all Devices.
[    5.443271] iscsi: registered transport (iser)
[[0;32m  OK  [0m] Started Load Kernel Modules.
         Mounting Kernel Configuration File System...
         Mounting FUSE Control File System...
         Starting Apply Kernel Variables...
[[0;32m  OK  [0m] Mounted Kernel Configuration File System.
[[0;32m  OK  [0m] Mounted FUSE Control File System.
[[0;32m  OK  [0m] Started Create Static Device Nodes in /dev.
         Starting udev Kernel Device Manager...
[[0;32m  OK  [0m] Started Load/Save Random Seed.
[[0;32m  OK  [0m] Started Journal Service.
         Starting Flush Journal to Persistent Storage...
[[0;32m  OK  [0m] Started Monitoring of LVM2 mirrors,â€¦sing dmeventd or progress polling.
[[0;32m  OK  [0m] Started udev Kernel Device Manager.
[[0;32m  OK  [0m] Started Apply Kernel Variables.
[[0;32m  OK  [0m] Started Flush Journal to Persistent Storage.
[[0;32m  OK  [0m] Found device /dev/ttyS0.
[[0;32m  OK  [0m] Listening on Load/Save RF Kill Switch Status /dev/rfkill Watch.
[[0;32m  OK  [0m] Started Set the console keyboard layout.
[[0;32m  OK  [0m] Reached target Local File Systems (Pre).
[[0;32m  OK  [0m] Reached target Local File Systems.
         Starting ebtables ruleset management...
         Starting Set console font and keymap...
         Starting Tell Plymouth To Write Out Runtime Data...
         Starting Commit a transient machine-id on disk...
         Starting AppArmor initialization...
         Starting Create Volatile Files and Directories...
[[0;32m  OK  [0m] Started Dispatch Password Requests to Console Directory Watch.
[[0;32m  OK  [0m] Reached target Local Encrypted Volumes.
[[0;32m  OK  [0m] Started Tell Plymouth To Write Out Runtime Data.
[[0;32m  OK  [0m] Started Set console font and keymap.
[[0;32m  OK  [0m] Started Create Volatile Files and Directories.
         Starting Update UTMP about System Boot/Shutdown...
[[0;32m  OK  [0m] Started Update UTMP about System Boot/Shutdown.
[[0;32m  OK  [0m] Started Commit a transient machine-id on disk.
[[0;32m  OK  [0m] Started ebtables ruleset management.
[[0;32m  OK  [0m] Started AppArmor initialization.
         Starting Initial cloud-init job (pre-networking)...
[    8.111774] cloud-init[648]: Cloud-init v. 19.2-36-g059d049c-0ubuntu2~18.04.1 running 'init-local' at Mon, 25 Nov 2019 06:01:47 +0000. Up 7.76 seconds.
[[0;32m  OK  [0m] Started Initial cloud-init job (pre-networking).
[[0;32m  OK  [0m] Reached target Network (Pre).
         Starting Network Service...
[[0;32m  OK  [0m] Started Network Service.
         Starting Network Name Resolution...
         Starting Wait for Network to be Configured...
[[0;32m  OK  [0m] Started Network Name Resolution.
[[0;32m  OK  [0m] Reached target Network.
[[0;32m  OK  [0m] Reached target Host and Network Name Lookups.
[[0;32m  OK  [0m] Started Wait for Network to be Configured.
         Starting Initial cloud-init job (metadata service crawler)...
[    9.902994] cloud-init[754]: Cloud-init v. 19.2-36-g059d049c-0ubuntu2~18.04.1 running 'init' at Mon, 25 Nov 2019 06:01:49 +0000. Up 9.70 seconds.
[    9.906147] cloud-init[754]: ci-info: +++++++++++++++++++++++++++++++++++++Net device info++++++++++++++++++++++++++++++++++++++
[    9.908253] cloud-init[754]: ci-info: +--------+------+---------------------------+---------------+--------+-------------------+
[    9.910998] cloud-init[754]: ci-info: | Device |  Up  |          Address          |      Mask     | Scope  |     Hw-Address    |
[    9.913050] cloud-init[754]: ci-info: +--------+------+---------------------------+---------------+--------+-------------------+
[    9.924670] cloud-init[754]: ci-info: | enp0s3 | True |         10.0.2.15         | 255.255.255.0 | global | 02:7c:06:17:a1:8b |
[    9.928346] cloud-init[754]: ci-info: | enp0s3 | True | fe80::7c:6ff:fe17:a18b/64 |       .       |  link  | 02:7c:06:17:a1:8b |
[    9.930982] cloud-init[754]: ci-info: |   lo   | True |         127.0.0.1         |   255.0.0.0   |  host  |         .         |
[    9.933238] cloud-init[754]: ci-info: |   lo   | True |          ::1/128          |       .       |  host  |         .         |
[    9.939438] cloud-init[754]: ci-info: +--------+------+---------------------------+---------------+--------+-------------------+
[    9.944506] cloud-init[754]: ci-info: ++++++++++++++++++++++++++++Route IPv4 info+++++++++++++++++++++++++++++
[    9.947063] cloud-init[754]: ci-info: +-------+-------------+----------+-----------------+-----------+-------+
[    9.949512] cloud-init[754]: ci-info: | Route | Destination | Gateway  |     Genmask     | Interface | Flags |
[    9.951824] cloud-init[754]: ci-info: +-------+-------------+----------+-----------------+-----------+-------+
[    9.954006] cloud-init[754]: ci-info: |   0   |   0.0.0.0   | 10.0.2.2 |     0.0.0.0     |   enp0s3  |   UG  |
[    9.955752] cloud-init[754]: ci-info: |   1   |   10.0.2.0  | 0.0.0.0  |  255.255.255.0  |   enp0s3  |   U   |
[    9.957672] cloud-init[754]: ci-info: |   2   |   10.0.2.2  | 0.0.0.0  | 255.255.255.255 |   enp0s3  |   UH  |
[    9.959551] cloud-init[754]: ci-info: +-------+-------------+----------+-----------------+-----------+-------+
[    9.961301] cloud-init[754]: ci-info: +++++++++++++++++++Route IPv6 info+++++++++++++++++++
[    9.962910] cloud-init[754]: ci-info: +-------+-------------+---------+-----------+-------+
[    9.964639] cloud-init[754]: ci-info: | Route | Destination | Gateway | Interface | Flags |
[    9.966345] cloud-init[754]: ci-info: +-------+-------------+---------+-----------+-------+
[    9.967792] cloud-init[754]: ci-info: |   1   |  fe80::/64  |    ::   |   enp0s3  |   U   |
[    9.969392] cloud-init[754]: ci-info: |   3   |    local    |    ::   |   enp0s3  |   U   |
[    9.970978] cloud-init[754]: ci-info: |   4   |   ff00::/8  |    ::   |   enp0s3  |   U   |
[    9.984167] cloud-init[754]: ci-info: +-------+-------------+---------+-----------+-------+
[   10.651262] cloud-init[754]: Generating public/private rsa key pair.
[   10.652945] cloud-init[754]: Your identification has been saved in /etc/ssh/ssh_host_rsa_key.
[   10.655011] cloud-init[754]: Your public key has been saved in /etc/ssh/ssh_host_rsa_key.pub.
[   10.657024] cloud-init[754]: The key fingerprint is:
[   10.658414] cloud-init[754]: SHA256:PLypr7qG1PuwVFMc/I78VV7fOaprbg+BEJzjkoB86/s root@ubuntu-bionic
[   10.660572] cloud-init[754]: The key's randomart image is:
[   10.661998] cloud-init[754]: +---[RSA 2048]----+
[   10.663128] cloud-init[754]: |. .   .oo        |
[   10.664379] cloud-init[754]: | o o   =o.       |
[   10.665154] cloud-init[754]: |  . o o.+.       |
[   10.666331] cloud-init[754]: |   . o =. o   . .|
[   10.667108] cloud-init[754]: |  ..  +.S+ . o .+|
[   10.668339] cloud-init[754]: |  .... .o+. o .oo|
[   10.669604] cloud-init[754]: | . .+.  o. o  . .|
[   10.670949] cloud-init[754]: |  .ooo .  .o..   |
[   10.680402] cloud-init[754]: |   .=E+o. +++.   |
[   10.681627] cloud-init[754]: +----[SHA256]-----+
[   10.682610] cloud-init[754]: Generating public/private dsa key pair.
[   10.683849] cloud-init[754]: Your identification has been saved in /etc/ssh/ssh_host_dsa_key.
[   10.685724] cloud-init[754]: Your public key has been saved in /etc/ssh/ssh_host_dsa_key.pub.
[   10.687915] cloud-init[754]: The key fingerprint is:
[   10.689186] cloud-init[754]: SHA256:uKZvs8SD0aaQ8tg68DbZd7JrboajVkQjaBYctc5YClE root@ubuntu-bionic
[   10.691029] cloud-init[754]: The key's randomart image is:
[   10.692228] cloud-init[754]: +---[DSA 1024]----+
[   10.693397] cloud-init[754]: |o=E.             |
[   10.694603] cloud-init[754]: |.=. +            |
[   10.704187] cloud-init[754]: |+  = .           |
[   10.705081] cloud-init[754]: |. *... .         |
[   10.716246] cloud-init[754]: |.oo+. + S        |
[   10.728201] cloud-init[754]: |.= ..* .         |
[[0;32m  OK  [0m] Started Initial cloud-init job (metadata service crawler).
[   10.744610] cloud-init[754]: |o.o+o.*          |
[[0;32m  OK  [0m] Reached target Cloud-config availability.
[   10.746413] cloud-init[754]: |..* ++O..        |[
[0;32m  OK  [0m] Reached target Network is Online.
[[0;32m  OK  [0m] Reached target Remote File Systems (Pre).
[[0;32m  OK  [0m] Reached target Remote File Systems.
[   10.770214] cloud-init[754]: |.+.o.X*B         |
         Starting Availability of block devices...
[   10.785321] [[0;32m  OK  [0m] Reached target System Initialization.
[[0;32m  OK  [0m] Listening on D-Bus System Message Bus Socket.
[[0;32m  OK  [0m] Started Discard unused blocks once a week.cloud-init
[754]: +----[SHA256]-----+
[[0;32m  OK  [0m] Started Message of the Day.
[   10.792464] [[0;32m  OK  [0m] Listening on UUID daemon activation socket.
[[0;32m  OK  [0m] Listening on ACPID Listen Socket.
cloud-init[754]: Generating public/private ecdsa key pair.
         Starting Socket activation for snappy daemon.
[   10.798376] cloud-init[754]: Your identification has been saved in /etc/ssh/ssh_host_ecdsa_key.
[[0;32m  OK  [0m] Started ACPI Events Check.
[   10.800776] [[0;32m  OK  [0m] Reached target Paths.
[[0;32m  OK  [0m] Listening on Open-iSCSI iscsid Socket.
cloud-init[754]: Your public key has been saved in /etc/ssh/ssh_host_ecdsa_key.pub.
[[0;32m  OK  [0m] Started Daily Cleanup of Temporary Directories.
[   10.805105] cloud-init[754]: The key fingerprint is:
         Starting LXD - unix socket.
[   10.806866] [cloud-init[0;32m  OK  [0m[754]: ] SHA256:+tWbhKZ3Q6Aln24s3uuTvW2KW7e2ps++lF9O+FEql20 root@ubuntu-bionicStarted Daily apt download activities.

[[0;32m  OK  [0m] Started Daily apt upgrade and clean activities.
[[0;32m  OK  [0m] Reached target Timers.
[[0;32m  OK  [0m] Started Availability of block devices.
[   10.826236] [[0;32m  OK  [0m] Listening on Socket activation for snappy daemon.
[cloud-init[0;32m  OK  [0m[754]: ] The key's randomart image is:Listening on LXD - unix socket.

[   10.831504] [cloud-init[0;32m  OK  [0m[754]: ] +---[ECDSA 256]---+Reached target Sockets.

[   10.832832] [[0;32m  OK  [0m] Reached target Basic System.
[[0;32m  OK  [0m] Started Deferred execution scheduler.
         Starting System Logging Service...
cloud-init         Starting Virtualbox guest utils...
         Starting LSB: automatic crash report generation...
[[0;32m  OK  [0m] Started FUSE filesystem for LXC.
         Starting LXD - container startup/shutdown...
[754]: |                 |         Starting LSB: Record successful boot for GRUB...
         Starting Login Service...
         Starting Dispatcher daemon for systemd-networkd...

[   10.862143] cloud-init[754]: |                 |
[   10.864865] cloud-init[754]: |                 |
[   10.870229] cloud-init[754]: |        . o      |
[   10.873850] cloud-init[754]: |        S= o    .|
[   10.878623] cloud-init[754]: |       .. oo.  *.|
[   10.890763] cloud-init[754]: |      .  o++= O.E|
[   10.896532] cloud-init[754]: |       ..=B++X+Bo|
[   10.901117] cloud-init[754]: |       .+=*=*@Oo+|
[   10.904242] cloud-init[754]: +----[SHA256]-----+
[   10.907532] cloud-init[754]: Generating public/private ed25519 key pair.
[   10.911501] cloud-init[754]: Your identification has been saved in /etc/ssh/ssh_host_ed25519_key.
[   10.919290] cloud-init[754]: Your public key has been saved in /etc/ssh/ssh_host_ed25519_key.pub.
[   10.925949] cloud-init[754]: The key fingerprint is:
[   10.928683] cloud-init[754]: SHA256:TjS1y/juxqeUZSDb89CwcjBWxYuCxUgrrKBfkgK9J80 root@ubuntu-bionic
[   10.936918] [[0;32m  OK  [0m] Started Regular background program processing daemon.
[[0;32m  OK  [0m] Started D-Bus System Message Bus.
cloud-init[754]: The key's randomart image is:
[   10.961792] cloud-init[754]: +--[ED25519 256]--+
[   10.963976] cloud-init[754]: |     ..o  oo.    |
[   10.966490] cloud-init[754]: | . .  ..oo ..    |
[   10.969305] cloud-init[754]: |o . o .oB +. .   |
[   10.971426] cloud-init[754]: |o. * ..o.X.*.    |
[   10.972695] cloud-init[754]: |o * E   S.O +    |
[   10.973572] cloud-init[754]: | o =   o + B     |
[   10.974599] cloud-init[754]: |  .     ..+ .    |
[   10.985266] cloud-init[754]: |         oo .    |
[   10.998457] cloud-init[754]: |         o+o     |
[   11.004068] cloud-init[754]: +----[SHA256]-----+
         Starting Accounts Service...
         Starting Permit User Sessions...
         Starting Pollinate to seed the pseudo random number generator...
[[0;32m  OK  [0m] Started irqbalance daemon.
         Starting Snappy daemon...
[[0;32m  OK  [0m] Started System Logging Service.
[[0;32m  OK  [0m] Started Permit User Sessions.
[[0;32m  OK  [0m] Started LXD - container startup/shutdown.
[[0;32m  OK  [0m] Started Login Service.
         Starting Authorization Manager...
[[0;32m  OK  [0m] Started Unattended Upgrades Shutdown.
         Starting Terminate Plymouth Boot Screen...
         Starting Hold until boot process finishes up...
[[0;32m  OK  [0m] Started Hold until boot process finishes up.
         Starting Set console scheme...
[[0;32m  OK  [0m] Started Serial Getty on ttyS0.
[[0;32m  OK  [0m] Started Terminate Plymouth Boot Screen.
[[0;32m  OK  [0m] Started Authorization Manager.
[[0;32m  OK  [0m] Started Accounts Service.
[[0;32m  OK  [0m] Started Set console scheme.
[[0;32m  OK  [0m] Created slice system-getty.slice.
[[0;32m  OK  [0m] Started Getty on tty1.
[[0;32m  OK  [0m] Reached target Login Prompts.
[[0;32m  OK  [0m] Started LSB: automatic crash report generation.
[[0;32m  OK  [0m] Started LSB: Record successful boot for GRUB.
[[0;32m  OK  [0m] Started Virtualbox guest utils.
[[0;32m  OK  [0m] Started Dispatcher daemon for systemd-networkd.
[[0;32m  OK  [0m] Started Snappy daemon.
         Starting Wait until snapd is fully seeded...
[[0;32m  OK  [0m] Started Pollinate to seed the pseudo random number generator.
         Starting OpenBSD Secure Shell server...
[[0;32m  OK  [0m] Started OpenBSD Secure Shell server.

Ubuntu 18.04.3 LTS ubuntu-bionic ttyS0

ubuntu-bionic login: [   18.369200] cloud-init[1279]: Cloud-init v. 19.2-36-g059d049c-0ubuntu2~18.04.1 running 'modules:config' at Mon, 25 Nov 2019 06:01:57 +0000. Up 18.01 seconds.
ci-info: no authorized ssh keys fingerprints found for user ubuntu.
<14>Nov 25 06:01:58 ec2: 
<14>Nov 25 06:01:58 ec2: #############################################################
<14>Nov 25 06:01:58 ec2: -----BEGIN SSH HOST KEY FINGERPRINTS-----
<14>Nov 25 06:01:58 ec2: 1024 SHA256:uKZvs8SD0aaQ8tg68DbZd7JrboajVkQjaBYctc5YClE root@ubuntu-bionic (DSA)
<14>Nov 25 06:01:58 ec2: 256 SHA256:+tWbhKZ3Q6Aln24s3uuTvW2KW7e2ps++lF9O+FEql20 root@ubuntu-bionic (ECDSA)
<14>Nov 25 06:01:58 ec2: 256 SHA256:TjS1y/juxqeUZSDb89CwcjBWxYuCxUgrrKBfkgK9J80 root@ubuntu-bionic (ED25519)
<14>Nov 25 06:01:58 ec2: 2048 SHA256:PLypr7qG1PuwVFMc/I78VV7fOaprbg+BEJzjkoB86/s root@ubuntu-bionic (RSA)
<14>Nov 25 06:01:58 ec2: -----END SSH HOST KEY FINGERPRINTS-----
<14>Nov 25 06:01:58 ec2: #############################################################
-----BEGIN SSH HOST KEY KEYS-----
ecdsa-sha2-nistp256 AAAAE2VjZHNhLXNoYTItbmlzdHAyNTYAAAAIbmlzdHAyNTYAAABBBNVQLEF5pjAXP/gb++6SOUjtLT2lYCXA+K5ga6OhY4I/bqwSkGWPLCbaw2IeArk8uwVKyMaLANC82GeiO5b5eYU= root@ubuntu-bionic
ssh-ed25519 AAAAC3NzaC1lZDI1NTE5AAAAILMlO/L8W8U7Exn37LJRUjBGVKRbSNHBGq2wQXGDU2oq root@ubuntu-bionic
ssh-rsa AAAAB3NzaC1yc2EAAAADAQABAAABAQCoa1ecdIYaj19LpcVrVvtY3dSneQRzalRegXXAWXQVw5K9eiV914Yu2SsQiMugc0lizaD6rfDUDVywk552taD9d5rBzjx73rhRiavvnFBBfDLKLeQ9+UO22fE1oibQZhLrB84fE45knyo9Eh7eRvTQnLM1YbreDmn5tWEG3IvBriO+GET9B7aJask0SaYqyxx1m+CQ5T/x5pmweS/a9UXV0hblqvm+ZLAR8p/Ou+/wKmdFs5jk7B8BwDdDIXK/FUYotEJamMxEYfDYO1Zn0naeo0Chm+ro8erGLUzrI9pTEobkSQRaFIo3IqIjvOyhqmqxWM05hnb+kkMJpmP4AlTx root@ubuntu-bionic
-----END SSH HOST KEY KEYS-----
[   19.122892] cloud-init[1468]: Cloud-init v. 19.2-36-g059d049c-0ubuntu2~18.04.1 running 'modules:final' at Mon, 25 Nov 2019 06:01:58 +0000. Up 18.91 seconds.
[   19.126007] cloud-init[1468]: ci-info: no authorized ssh keys fingerprints found for user ubuntu.
[   19.128156] cloud-init[1468]: Cloud-init v. 19.2-36-g059d049c-0ubuntu2~18.04.1 finished at Mon, 25 Nov 2019 06:01:58 +0000. Datasource DataSourceNoCloud [seed=/dev/sdb][dsmode=net].  Up 19.11 seconds
